python : Login required! Please log in within the opened browser...
At line:1 char:1
+ python scraper.py "https://www.linkedin.com/in/nikita-pawar-ba673a230 ...
+ ~~~~~~~~~~~~~~~~~~~~~~~~~~~~~~~~~~~~~~~~~~~~~~~~~~~~~~~~~~~~~~~~~~~~~
    + CategoryInfo          : NotSpecified: (Login required!...ened browser...:String) [], RemoteException
    + FullyQualifiedErrorId : NativeCommandError
 
